// Jest Snapshot v1, https://goo.gl/fbAQLP

exports[`<MyVoucherScrollView /> has 1 child 1`] = `
<View
  style={
    Object {
      "alignItems": "center",
      "flex": 1,
      "justifyContent": "center",
    }
  }
>
  <Text>
    You have no purchased voucher.
  </Text>
</View>
`;

exports[`<MyVoucherScrollView /> renders correctly 1`] = `
<View
  style={
    Object {
      "alignItems": "center",
      "flex": 1,
      "justifyContent": "center",
    }
  }
>
  <Text>
    You have no purchased voucher.
  </Text>
</View>
`;
